ubuntu@test-master:~$ kubectl get pods -n default -o wide
NAME                                       READY   STATUS    RESTARTS      AGE    IP               NODE            NOMINATED NODE   READINESS GATES
hostpath-exec-deployment-5b84d5d66-4rfjg   1/1     Running   0             3d3h   192.168.98.25    test-worker-4   <none>           <none>
hostpath-exec-deployment-5b84d5d66-52pf7   1/1     Running   0             3d3h   192.168.101.75   test-master2    <none>           <none>
hostpath-exec-deployment-5b84d5d66-tgmsq   1/1     Running   0             3d3h   192.168.33.51    test-worker-1   <none>           <none>
hostpath-exec-deployment-5b84d5d66-whdrt   1/1     Running   0             3d3h   192.168.68.40    test-worker-2   <none>           <none>
hostpath-revshell-pod1                     0/1     Error     1 (22s ago)   38s    192.168.68.20    test-worker-2   <none>           <none>
ubuntu@test-master:~$ kubectl logs hostpath-revshell-pod1 -n default
Ncat: Connection timed out.
ubuntu@test-master:~$ kubectl logs hostpath-revshell-pod1 -n default
Ncat: Connection timed out.
ubuntu@test-master:~$ kubectl logs hostpath-revshell-pod1 -n default
Ncat: Connection timed out.
ubuntu@test-master:~$ kubectl logs hostpath-revshell-pod1 -n default
Ncat: Connection timed out.
ubuntu@test-master:~$ kubectl logs hostpath-revshell-pod1 -n default
Ncat: Connection timed out.
ubuntu@test-master:~$ kubectl logs hostpath-revshell-pod1 -n default
Ncat: Connection timed out.
ubuntu@test-master:~$ kubectl logs hostpath-revshell-pod1 -n default
Ncat: Connection timed out.
ubuntu@test-master:~$ kubectl logs hostpath-revshell-pod1 -n default
Ncat: Connection timed out.
ubuntu@test-master:~$ kubectl logs hostpath-revshell-pod1 -n default
Ncat: Connection timed out.
ubuntu@test-master:~$ kubectl logs hostpath-revshell-pod1 -n default
Ncat: Connection timed out.
ubuntu@test-master:~$ kubectl logs hostpath-revshell-pod1 -n default
Ncat: Connection timed out.
ubuntu@test-master:~$ kubectl logs hostpath-revshell-pod1 -n default
Ncat: Connection timed out.
ubuntu@test-master:~$ kubectl logs hostpath-revshell-pod1 -n default
Ncat: Connection timed out.
ubuntu@test-master:~$ kubectl logs hostpath-revshell-pod1 -n default
Ncat: Connection timed out.
ubuntu@test-master:~$ kubectl logs hostpath-revshell-pod1 -n default
Ncat: Connection timed out.
ubuntu@test-master:~$ kubectl logs hostpath-revshell-pod1 -n default
Ncat: Connection timed out.
ubuntu@test-master:~$ kubectl logs hostpath-revshell-pod1 -n default
ubuntu@test-master:~$ kubectl logs hostpath-revshell-pod1 -n default
ubuntu@test-master:~$ kubectl logs hostpath-revshell-pod1 -n default
ubuntu@test-master:~$ kubectl logs hostpath-revshell-pod1 -n default
ubuntu@test-master:~$ kubectl logs hostpath-revshell-pod1 -n default
ubuntu@test-master:~$ kubectl logs hostpath-revshell-pod1 -n default
ubuntu@test-master:~$ kubectl logs hostpath-revshell-pod1 -n default
ubuntu@test-master:~$ kubectl logs hostpath-revshell-pod1 -n default
Ncat: Connection timed out.
ubuntu@test-master:~$ kubectl logs hostpath-revshell-pod1 -n default
Ncat: Connection timed out.
ubuntu@test-master:~$ kubectl get pods -n default -o wide
NAME                                       READY   STATUS             RESTARTS      AGE    IP               NODE            NOMINATED NODE   READINESS GATES
hostpath-exec-deployment-5b84d5d66-4rfjg   1/1     Running            0             3d3h   192.168.98.25    test-worker-4   <none>           <none>
hostpath-exec-deployment-5b84d5d66-52pf7   1/1     Running            0             3d3h   192.168.101.75   test-master2    <none>           <none>
hostpath-exec-deployment-5b84d5d66-tgmsq   1/1     Running            0             3d3h   192.168.33.51    test-worker-1   <none>           <none>
hostpath-exec-deployment-5b84d5d66-whdrt   1/1     Running            0             3d3h   192.168.68.40    test-worker-2   <none>           <none>
hostpath-revshell-pod1                     0/1     CrashLoopBackOff   3 (14s ago)   98s    192.168.68.20    test-worker-2   <none>           <none>

